
R=0x00000007
BOD0 BOD1
BOD1


-----------------------------------------------------------------
----------------------- NuBL2 System Start -----------------------
-----------------------------------------------------------------
Build Info : May 26 2025 11:30:30
CPU @ 48000000Hz
+-------------------------- MCU Info --------------------------+
  MCU CID : 000000DA
  MCU PID : 00261001
  MCU UID : 00270011-04531CA4-000001C5
  MCU CFG : 0xFFFFFFFF, 0xFFFFFFFF, 0xFFFFFFFF, 0xFFFFFFFF
+--------------------------------------------------------------+
+-------------------------- BO Info ---------------------------+
  PR Type : RICE_COOKER
  PR Tool : CRP-NHIR06
  MC PN   : M261SI (NUVOTON)
  Bo Ver  : 00.20
  Bo Opt  : 0x00 0x00 0x00
  RM1     : May 26 2025,11:30:30
  RM2     : CUCKOO
  RM3     : -
+--------------------------------------------------------------+
+-------------------------- CO Info ---------------------------+
  RM1     : May 26 2025,11:30:30
  RM2     : CUCKOO
  RM3     : -
+--------------------------------------------------------------+
+-------------------------- AP Info ---------------------------+
  PR Type : RICE_COOKER
  PR Tool : CRP-NHIR06 (KOREA)
  MC PN   : M261SI (NUVOTON)
  AP Ver  : 00.16
  CO Ver  : 00.01
  AP Opt  : 0x00 0x00 0x00
  RM1     : May  2 2025,10:32:26
  RM2     : CUCKOO
  RM3     : FOTA TEST SAMPLE(CLIENT)!!!!
+--------------------------------------------------------------+
+-------------------------- EEP: STS --------------------------+
  LD OK
  ST: 0x77 (OK) | Ver: 0x01 | CS: 0xDE
+--------------------------------------------------------------+
+-------------------------- EEP: PR ---------------------------+
  MO(D) : CRP-NHIR06/M261SI
  SN(D) : 0027001104531CA4000001C5
  ------------------------------------------------------------
  ST    : 0x01
  MO    : CRP-NHIR06/M261SI
  SN    : 0027001104531CA4000001C5
  CS    : 0x5568E45E (Valid)
  TM    : 0x00000000 (-)
  UI    : 00270011-04531CA4-000001C5 (Valid)
  SP    : 0xFF 0xFF 0xFF
+--------------------------------------------------------------+
+-------------------------- EEP: OT ---------------------------+
  ST    : 0x00
  CU Sts: 0x00  RE Cnt: 0       ER: 0x00
  OK Cnt: 0     ER Cnt: 0
  EX Cnt: 0x01
  SP    : 0xFF 0xFF 0xFF
+--------------------------------------------------------------+
+-------------------------- EEP: WF ---------------------------+
  ST    : 0x77
  MAC   : 04:78:63:32:12:C6
  PA Cnt: 0
  SP    : 0xFF 0xFF 0xFF
+--------------------------------------------------------------+
+-------------------------- EEP: RL ---------------------------+
  ST    : 0x00 | LL: 0
  LT    : -
  SP    : 0xFF 0xFF 0xFF
+--------------------------------------------------------------+
+-------------------------- CHECKSUM --------------------------+
  CS BO    : T = 0xCDB2F2CB | R = 0xCDB2F2CB  ==>  [P]
  CS AP    : T = 0x36BA94A6 | R = 0x36BA94A6  ==>  [P]
  CS AP[B0]: T = 0x3AA60D9B | R = 0x3AA60D9B  ==>  [P]
  CS AP[B1]: T = 0xEB9BCDDD | R = 0xEB9BCDDD  ==>  [P]
+--------------------------------------------------------------+

[BL] B/L Validation Check
 -> OK
[BL] FOTA Flag Check
 -> FOTA Flag NOT Set
[BL] APROM Validation Check
 -> OK
[BL] FOTA Flag NOT set and APROM OK <STATUS-0>
 -> Jump to _APROM...

-----------------------------------------------------------------
--------------------- NuBL32 System Start -----------------------
-----------------------------------------------------------------
Build Info : May  2 2025 10:32:27
CPU @ 48000000Hz

Current Time:2025/05/26 11:40:57
QSPI0 clock 24000000 Hz
W25Q256 found.
u32Recorded  = 0x00000007
u32Active    = 0x00000004
u32Erase     = 0x00000000
u32Recorded  = 0x00000007 (Not Erase)
MsgALockOpenTimer100ms = 0, PwrOff3Min = 0
Power Off Time:0 / Backup Time: 700 / Current Time: 700

+-------------------------- EEP: STS --------------------------+
  LD OK
  ST: 0x77 (OK) | Ver: 0x01 | CS: 0xDE
+--------------------------------------------------------------+
+-------------------------- EEP: PR ---------------------------+
  ST: 0x01
  MO: CRP-NHIR06/M261SI
  SN: 0027001104531CA4000001C5
  CS: 0x5568E45E (Valid)
  TM: 0x00000000 (-)
  UI: 00270011-04531CA4-000001C5 (Valid)
  SP: 0xFF 0xFF 0xFF
+--------------------------------------------------------------+
+-------------------------- EEP: OT ---------------------------+
  ST: 0x00
  CU Sts: 0x00  RE Cnt: 0       ER: 0x00
  OK Cnt: 0     ER Cnt: 0
  EX Cnt: 0x01
  SP    : 0xFF 0xFF 0xFF
+--------------------------------------------------------------+
+-------------------------- EEP: WF ---------------------------+
  ST    : 0x77
  MAC   : 04:78:63:32:12:C6
  PA Cnt: 0
  SP    : 0xFF 0xFF 0xFF
+--------------------------------------------------------------+
+-------------------------- EEP: RL ---------------------------+
  ST: 0x00 | LL: 0
  LT: -
  SP: 0xFF 0xFF 0xFF
+--------------------------------------------------------------+
+-------------------------- MCU Info --------------------------+
  MCU CID : 000000DA
  MCU PID : 00261001
  MCU UID : 00270011-04531CA4-000001C5
  MCU CFG : 0xFFFFFFFF, 0xFFFFFFFF, 0xFFFFFFFF, 0xFFFFFFFF
+--------------------------------------------------------------+
+-------------------------- BO Info ---------------------------+
  PR Type : RICE_COOKER
  PR Tool : CRP-NHIR06
  MC PN   : M261SI (NUVOTON)
  Bo Ver  : 00.20
  Bo Opt  : 0x00 0x00 0x00
  RM1     : May 26 2025,11:30:30
  RM2     : CUCKOO
  RM3     : -
+--------------------------------------------------------------+
+-------------------------- CO Info ---------------------------+
  RM1     : May 26 2025,11:30:30
  RM2     : CUCKOO
  RM3     : -
+--------------------------------------------------------------+
+-------------------------- AP Info ---------------------------+
  PR Type : RICE_COOKER
  PR Tool : CRP-NHIR06 (KOREA)
  MC PN   : M261SI (NUVOTON)
  AP Ver  : 00.16
  CO Ver  : 00.01
  AP Opt  : 0x00 0x00 0x00
  RM1     : May  2 2025,10:32:26
  RM2     : CUCKOO
  RM3     : FOTA TEST SAMPLE(CLIENT)!!!!
+--------------------------------------------------------------+
+-------------------------- CHECKSUM --------------------------+
  AP Checksum:  T = 0x36BA94A6 | R = 0x36BA94A6   ===>  [P]
  AP[B0] Check: T = 0x3AA60D9B | R = 0x3AA60D9B   ===>  [P]
  AP[B1] Check: T = 0xEB9BCDDD | R = 0xEB9BCDDD   ===>  [P]
+--------------------------------------------------------------+

V1J00B!00viY=V1J01B!00+i0=V1J02B!00NjA=
Touch Init Start.
USPI1 clock 50000 Hz
Touch Ver = 0x0B

Send2_ampm: 0x00
Send2_hour: 0x06
Send2_minute: 0x1E
Send2_riceMenu: 0x00
Send2_cookMenu: 0x00
Send2_ampm: 0x00
Send2_hour: 0x06
Send2_minute: 0x1E
Send2_riceMenu: 0x00
Send2_cookMenu: 0x00
gotoBabMenuKeyActiongotoBabMenuKeyAction  AP Checksum:  T = 0x36BA94A6 | R = 0x36BA94A6   ===>  [P]
  AP Checksum:  T = 0x36BA94A6 | R = 0x36BA94A6   ===>  [P]
  AP Checksum:  T = 0x36BA94A6 | R = 0x36BA94A6   ===>  [P]
  AP Checksum:  T = 0x36BA94A6 | R = 0x36BA94A6   ===>  [P]
  AP Checksum:  T = 0x36BA94A6 | R = 0x36BA94A6   ===>  [P]
  AP Checksum:  T = 0x36BA94A6 | R = 0x36BA94A6   ===>  [P]
Send2_ampm: 0x00
Send2_hour: 0x06
Send2_minute: 0x1E
Send2_riceMenu: 0x00
Send2_cookMenu: 0x00
  AP Checksum:  T = 0x36BA94A6 | R = 0x36BA94A6   ===>  [P]
  AP Checksum:  T = 0x36BA94A6 | R = 0x36BA94A6   ===>  [P]
  AP Checksum:  T = 0x36BA94A6 | R = 0x36BA94A6   ===>  [P]
messageId: 0xFFmessageId: 0xFFmessageId: 0xFF########## FOTA EXECUTE ##########

R=0x0000000F
BOD0 BOD1
u32Recorded  = 0x0000000F
u32Active    = 0x00000008
u32Erase     = 0x00000000
u32Recorded  = 0x0000000F (Not Erase)


-----------------------------------------------------------------
----------------------- NuBL2 System Start -----------------------
-----------------------------------------------------------------
Build Info : May 26 2025 11:30:30
CPU @ 48000000Hz
+-------------------------- MCU Info --------------------------+
  MCU CID : 000000DA
  MCU PID : 00261001
  MCU UID : 00270011-04531CA4-000001C5
  MCU CFG : 0xFFFFFFFF, 0xFFFFFFFF, 0xFFFFFFFF, 0xFFFFFFFF
+--------------------------------------------------------------+
+-------------------------- BO Info ---------------------------+
  PR Type : RICE_COOKER
  PR Tool : CRP-NHIR06
  MC PN   : M261SI (NUVOTON)
  Bo Ver  : 00.20
  Bo Opt  : 0x00 0x00 0x00
  RM1     : May 26 2025,11:30:30
  RM2     : CUCKOO
  RM3     : -
+--------------------------------------------------------------+
+-------------------------- CO Info ---------------------------+
  RM1     : May 26 2025,11:30:30
  RM2     : CUCKOO
  RM3     : -
+--------------------------------------------------------------+
+-------------------------- AP Info ---------------------------+
  PR Type : RICE_COOKER
  PR Tool : CRP-NHIR06 (KOREA)
  MC PN   : M261SI (NUVOTON)
  AP Ver  : 00.16
  CO Ver  : 00.01
  AP Opt  : 0x00 0x00 0x00
  RM1     : May  2 2025,10:32:26
  RM2     : CUCKOO
  RM3     : FOTA TEST SAMPLE(CLIENT)!!!!
+--------------------------------------------------------------+
+-------------------------- EEP: STS --------------------------+
  LD OK
  ST: 0x77 (OK) | Ver: 0x01 | CS: 0x61
+--------------------------------------------------------------+
+-------------------------- EEP: PR ---------------------------+
  MO(D) : CRP-NHIR06/M261SI
  SN(D) : 0027001104531CA4000001C5
  ------------------------------------------------------------
  ST    : 0x01
  MO    : CRP-NHIR06/M261SI
  SN    : 0027001104531CA4000001C5
  CS    : 0x5568E45E (Valid)
  TM    : 0x00000000 (-)
  UI    : 00270011-04531CA4-000001C5 (Valid)
  SP    : 0xFF 0xFF 0xFF
+--------------------------------------------------------------+
+-------------------------- EEP: OT ---------------------------+
  ST    : 0x77
  CU Sts: 0x00  RE Cnt: 0       ER: 0x00
  OK Cnt: 0     ER Cnt: 0
  EX Cnt: 0x00
  SP    : 0xFF 0xFF 0xFF
+--------------------------------------------------------------+
+-------------------------- EEP: WF ---------------------------+
  ST    : 0x77
  MAC   : 04:78:63:32:12:C6
  PA Cnt: 0
  SP    : 0xFF 0xFF 0xFF
+--------------------------------------------------------------+
+-------------------------- EEP: RL ---------------------------+
  ST    : 0x00 | LL: 0
  LT    : -
  SP    : 0xFF 0xFF 0xFF
+--------------------------------------------------------------+
+-------------------------- CHECKSUM --------------------------+
  CS BO    : T = 0xCDB2F2CB | R = 0xCDB2F2CB  ==>  [P]
  CS AP    : T = 0x36BA94A6 | R = 0x36BA94A6  ==>  [P]
  CS AP[B0]: T = 0x3AA60D9B | R = 0x3AA60D9B  ==>  [P]
  CS AP[B1]: T = 0xEB9BCDDD | R = 0xEB9BCDDD  ==>  [P]
+--------------------------------------------------------------+

[BL] B/L Validation Check
 -> OK
[BL] FOTA Flag Check
 -> FOTA Flag was SET
[BL] APROM Validation Check
 -> OK
[BL] FOTA Flag was SET and APROM OK <STATUS-2>
 -> Jump to _FOTA...
==================================
[FOTA] Start...
==================================
[FOTA] Wifi power on....................
 -> OK
[FOTA] POLL Request - F/W Ready
 -> F/W is Ready
 -> OK
[FOTA] F/W Validation Check
 -> PR Tool Check OK
   >> Apps : CRP-NHIR06
   >> WiFi : CRP-NHIR06
 -> MC Make Check OK
   >> Apps : NUVOTON
   >> WiFi : NUVOTON
 -> MC PN Check OK
   >> Apps : M261SI
   >> WiFi : M261SI
 -> AP Ver Check OK
   >> Apps : 00.16
   >> WiFi : 00.17
 -> OK
[FOTA] DOWN_FW Request - Info
 -> Total Length = 458752 bytes
 -> Remains      = 0 bytes
 -> Read Count   = 896
 -> Total CRC    = 0x05A7
 -> OK
[FOTA] Erase Checksum Area
 -> OK
[FOTA] Erase App Info Area
 -> OK
[FOTA] Erase Whole App Area
 -> OK
[FOTA] DOWN_FW Request - Data
 -> 99%
 -> OK
[FOTA] APROM Validation Check
 -> OK
[FOTA] Clear FOTA Flag and Error Counts (+ OK Count)
 -> OK
[FOTA] CTRL Request - Clear F/W
[FOTA] Indication EVENT received
[FOTA] Indication EVENT send OK
 -> OK
==================================
[FOTA] Finish.
[FOTA] Run APROM...
==================================



-----------------------------------------------------------------
--------------------- NuBL32 System Start -----------------------
-----------------------------------------------------------------
Build Info : May 26 2025 11:06:40
CPU @ 48000000Hz

Current Time:2025/05/26 13:18:49
QSPI0 clock 24000000 Hz
W25Q256 found.
u32Recorded  = 0x0000000F
u32Active    = 0x00000008
u32Erase     = 0x00000000
u32Recorded  = 0x0000000F (Not Erase)
u32Recorded  = 0x0000000F
u32Active    = 0x00000008
u32Erase     = 0x00000000
u32Recorded  = 0x0000000F (Not Erase)
u32Recorded  = 0x00000000
u32Active    = 0x00000000
u32Erase     = 0x00000011
u32Recorded  = 0x00000000 (Erased)

R=0x00000001
+-------------------------- MCU Info --------------------------+
  MCU CID : 000000DA
  MCU PID : 00261001
  MCU UID : 00270011-04531CA4-000001C5
  MCU CFG : 0xFFFFFFFF, 0xFFFFFFFF, 0xFFFFFFFF, 0xFFFFFFFF
+--------------------------------------------------------------+
+-------------------------- BO Info ---------------------------+
  PR Type : RICE_COOKER
  PR Tool : CRP-NHIR06
  MC PN   : M261SI (NUVOTON)
  Bo Ver  : 00.20
  Bo Opt  : 0x00 0x00 0x00
  RM1     : May 26 2025,11:30:30
  RM2     : CUCKOO
  RM3     : -
+--------------------------------------------------------------+
+-------------------------- CO Info ---------------------------+
  RM1     : May 26 2025,11:30:30
  RM2     : CUCKOO
  RM3     : -
+--------------------------------------------------------------+
+-------------------------- AP Info ---------------------------+
  PR Type : RICE_COOKER
  PR Tool : CRP-NHIR06 (KOREA)
  MC PN   : M261SI (NUVOTON)
  AP Ver  : 00.17
  CO Ver  : 00.01
  AP Opt  : 0x00 0x00 0x00
  RM1     : May 26 2025,11:06:39
  RM2     : CUCKOO
  RM3     : FOTA TEST SAMPLE(SERVER)!!!!
+--------------------------------------------------------------+
+-------------------------- EEP: STS --------------------------+
  LD OK
  ST: 0x77 (OK) | Ver: 0x01 | CS: 0xAF
+--------------------------------------------------------------+
+-------------------------- EEP: PR ---------------------------+
  MO(D) : CRP-NHIR06/M261SI
  SN(D) : 0027001104531CA4000001C5
  ------------------------------------------------------------
  ST    : 0x01
  MO    : CRP-NHIR06/M261SI
  SN    : 0027001104531CA4000001C5
  CS    : 0x5568E45E (Valid)
  TM    : 0x00000000 (-)
  UI    : 00270011-04531CA4-000001C5 (Valid)
  SP    : 0xFF 0xFF 0xFF
+--------------------------------------------------------------+
+-------------------------- EEP: OT ---------------------------+
  ST    : 0x00
  CU Sts: 0x00  RE Cnt: 0       ER: 0x00
  OK Cnt: 1     ER Cnt: 0
  EX Cnt: 0x00
  SP    : 0xFF 0xFF 0xFF
+--------------------------------------------------------------+
+-------------------------- EEP: WF ---------------------------+
  ST    : 0x77
  MAC   : 04:78:63:32:12:C6
  PA Cnt: 0
  SP    : 0xFF 0xFF 0xFF
+--------------------------------------------------------------+
+-------------------------- EEP: RL ---------------------------+
  ST    : 0x00 | LL: 0
  LT    : -
  SP    : 0xFF 0xFF 0xFF
+--------------------------------------------------------------+
+-------------------------- CHECKSUM --------------------------+
  CS AP    : T = 0x0B27ADF6 | R = 0x0B27ADF6  ==>  [P]
  CS AP[B0]: T = 0xE3C986FA | R = 0xE3C986FA  ==>  [P]
  CS AP[B1]: T = 0xDE0B70E4 | R = 0xDE0B70E4  ==>  [P]
+--------------------------------------------------------------+
Touch Init Start.
USPI1 clock 50000 Hz
TC380 RD 18 0xC0 0x03 0x00, Return 0x10300 OK
TC380 RD 19 0xCF 0x03 0x00, Return 0x10300 OK
TC380 RD 20 0xCE 0x02 0xE0, Return 0x102E0 OK
TC380 RD 21 0xCD 0x03 0x00, Return 0x10300 OK
TC380 RD 22 0xCC 0x03 0x00, Return 0x10300 OK
TC380 RD 34 0xD2 0x0C 0x04, Return 0x10C04 OK
Touch Ver = 0x0B


R=0x00000003
BOD0 BOD1
BOD1


-----------------------------------------------------------------
----------------------- NuBL2 System Start -----------------------
-----------------------------------------------------------------
Build Info : May 26 2025 11:30:30
CPU @ 48000000Hz
+-------------------------- MCU Info --------------------------+
  MCU CID : 000000DA
  MCU PID : 00261001
  MCU UID : 00270011-04531CA4-000001C5
  MCU CFG : 0xFFFFFFFF, 0xFFFFFFFF, 0xFFFFFFFF, 0xFFFFFFFF
+--------------------------------------------------------------+
+-------------------------- BO Info ---------------------------+
  PR Type : RICE_COOKER
  PR Tool : CRP-NHIR06
  MC PN   : M261SI (NUVOTON)
  Bo Ver  : 00.20
  Bo Opt  : 0x00 0x00 0x00
  RM1     : May 26 2025,11:30:30
  RM2     : CUCKOO
  RM3     : -
+--------------------------------------------------------------+
+-------------------------- CO Info ---------------------------+
  RM1     : May 26 2025,11:30:30
  RM2     : CUCKOO
  RM3     : -
+--------------------------------------------------------------+
+-------------------------- AP Info ---------------------------+
  PR Type : RICE_COOKER
  PR Tool : CRP-NHIR06 (KOREA)
  MC PN   : M261SI (NUVOTON)
  AP Ver  : 00.17
  CO Ver  : 00.01
  AP Opt  : 0x00 0x00 0x00
  RM1     : May 26 2025,11:06:39
  RM2     : CUCKOO
  RM3     : FOTA TEST SAMPLE(SERVER)!!!!
+--------------------------------------------------------------+
+-------------------------- EEP: STS --------------------------+
  LD OK
  ST: 0x77 (OK) | Ver: 0x01 | CS: 0xC2
+--------------------------------------------------------------+
+-------------------------- EEP: PR ---------------------------+
  MO(D) : CRP-NHIR06/M261SI
  SN(D) : 0027001104531CA4000001C5
  ------------------------------------------------------------
  ST    : 0x01
  MO    : CRP-NHIR06/M261SI
  SN    : 0027001104531CA4000001C5
  CS    : 0x5568E45E (Valid)
  TM    : 0x00000000 (-)
  UI    : 00270011-04531CA4-000001C5 (Valid)
  SP    : 0xFF 0xFF 0xFF
+--------------------------------------------------------------+
+-------------------------- EEP: OT ---------------------------+
  ST    : 0x00
  CU Sts: 0x00  RE Cnt: 0       ER: 0x00
  OK Cnt: 1     ER Cnt: 0
  EX Cnt: 0x01
  SP    : 0xFF 0xFF 0xFF
+--------------------------------------------------------------+
+-------------------------- EEP: WF ---------------------------+
  ST    : 0x77
  MAC   : 04:78:63:32:12:C6
  PA Cnt: 0
  SP    : 0xFF 0xFF 0xFF
+--------------------------------------------------------------+
+-------------------------- EEP: RL ---------------------------+
  ST    : 0x00 | LL: 0
  LT    : -
  SP    : 0xFF 0xFF 0xFF
+--------------------------------------------------------------+
+-------------------------- CHECKSUM --------------------------+
  CS BO    : T = 0xCDB2F2CB | R = 0xCDB2F2CB  ==>  [P]
  CS AP    : T = 0x0B27ADF6 | R = 0x0B27ADF6  ==>  [P]
  CS AP[B0]: T = 0xE3C986FA | R = 0xE3C986FA  ==>  [P]
  CS AP[B1]: T = 0xDE0B70E4 | R = 0xDE0B70E4  ==>  [P]
+--------------------------------------------------------------+

[BL] B/L Validation Check
 -> OK
[BL] FOTA Flag Check
 -> FOTA Flag NOT Set
[BL] APROM Validation Check
 -> OK
[BL] FOTA Flag NOT set and APROM OK <STATUS-0>
 -> Jump to _APROM...

-----------------------------------------------------------------
--------------------- NuBL32 System Start -----------------------
-----------------------------------------------------------------
Build Info : May 26 2025 11:06:40
CPU @ 48000000Hz

Current Time:2025/05/26 13:20:37
QSPI0 clock 24000000 Hz
W25Q256 found.
u32Recorded  = 0x00000003
u32Active    = 0x00000002
u32Erase     = 0x00000000
u32Recorded  = 0x00000003 (Not Erase)
MsgALockOpenTimer100ms = 0, PwrOff3Min = 0
Power Off Time:0 / Backup Time: 800 / Current Time: 800

+-------------------------- MCU Info --------------------------+
  MCU CID : 000000DA
  MCU PID : 00261001
  MCU UID : 00270011-04531CA4-000001C5
  MCU CFG : 0xFFFFFFFF, 0xFFFFFFFF, 0xFFFFFFFF, 0xFFFFFFFF
+--------------------------------------------------------------+
+-------------------------- BO Info ---------------------------+
  PR Type : RICE_COOKER
  PR Tool : CRP-NHIR06
  MC PN   : M261SI (NUVOTON)
  Bo Ver  : 00.20
  Bo Opt  : 0x00 0x00 0x00
  RM1     : May 26 2025,11:30:30
  RM2     : CUCKOO
  RM3     : -
+--------------------------------------------------------------+
+-------------------------- CO Info ---------------------------+
  RM1     : May 26 2025,11:30:30
  RM2     : CUCKOO
  RM3     : -
+--------------------------------------------------------------+
+-------------------------- AP Info ---------------------------+
  PR Type : RICE_COOKER
  PR Tool : CRP-NHIR06 (KOREA)
  MC PN   : M261SI (NUVOTON)
  AP Ver  : 00.17
  CO Ver  : 00.01
  AP Opt  : 0x00 0x00 0x00
  RM1     : May 26 2025,11:06:39
  RM2     : CUCKOO
  RM3     : FOTA TEST SAMPLE(SERVER)!!!!
+--------------------------------------------------------------+
+-------------------------- EEP: STS --------------------------+
  LD OK
  ST: 0x77 (OK) | Ver: 0x01 | CS: 0xC2
+--------------------------------------------------------------+
+-------------------------- EEP: PR ---------------------------+
  MO(D) : CRP-NHIR06/M261SI
  SN(D) : 0027001104531CA4000001C5
  ------------------------------------------------------------
  ST    : 0x01
  MO    : CRP-NHIR06/M261SI
  SN    : 0027001104531CA4000001C5
  CS    : 0x5568E45E (Valid)
  TM    : 0x00000000 (-)
  UI    : 00270011-04531CA4-000001C5 (Valid)
  SP    : 0xFF 0xFF 0xFF
+--------------------------------------------------------------+
+-------------------------- EEP: OT ---------------------------+
  ST    : 0x00
  CU Sts: 0x00  RE Cnt: 0       ER: 0x00
  OK Cnt: 1     ER Cnt: 0
  EX Cnt: 0x01
  SP    : 0xFF 0xFF 0xFF
+--------------------------------------------------------------+
+-------------------------- EEP: WF ---------------------------+
  ST    : 0x77
  MAC   : 04:78:63:32:12:C6
  PA Cnt: 0
  SP    : 0xFF 0xFF 0xFF
+--------------------------------------------------------------+
+-------------------------- EEP: RL ---------------------------+
  ST    : 0x00 | LL: 0
  LT    : -
  SP    : 0xFF 0xFF 0xFF
+--------------------------------------------------------------+
+-------------------------- CHECKSUM --------------------------+
  CS AP    : T = 0x0B27ADF6 | R = 0x0B27ADF6  ==>  [P]
  CS AP[B0]: T = 0xE3C986FA | R = 0xE3C986FA  ==>  [P]
  CS AP[B1]: T = 0xDE0B70E4 | R = 0xDE0B70E4  ==>  [P]
+--------------------------------------------------------------+
Touch Init Start.
USPI1 clock 50000 Hz
Touch Ver = 0x0B


